
> flockfly-docs@0.1.0 build
> tsc -b && vite build

vite v6.4.3 building for production...
transforming...
✓ 4546 modules transformed.
rendering chunks...
computing gzip size...
dist/index.html                                                0.46 kB │ gzip:     0.29 kB
dist/assets/Assistant-SemiBold-SCI4bEL9.woff2                 20.21 kB
dist/assets/Assistant-Regular-DVxZuzxb.woff2                  20.23 kB
dist/assets/Assistant-Medium-DrcxCXg3.woff2                   20.32 kB
dist/assets/Assistant-Bold-gm-uSS1B.woff2                     20.38 kB
dist/assets/index-Dkb4C0FB.css                                31.42 kB │ gzip:     6.96 kB
dist/assets/mount-paper-DP-Akr1F.css                          91.42 kB │ gzip:    13.39 kB
dist/assets/mount-spreadsheet-C-xCnBI0.css                   101.41 kB │ gzip:    15.06 kB
dist/assets/index-CDgl1tWY.css                               145.62 kB │ gzip:    23.04 kB
dist/assets/array-BKyUJesY.js                                  0.09 kB │ gzip:     0.10 kB
dist/assets/clone-DSDrBCMw.js                                  0.09 kB │ gzip:     0.11 kB
dist/assets/channel-B47ARHFt.js                                0.11 kB │ gzip:     0.12 kB
dist/assets/init-Gi6I4Gst.js                                   0.15 kB │ gzip:     0.13 kB
dist/assets/Tableau10-B-NsZVaP.js                              0.19 kB │ gzip:     0.18 kB
dist/assets/_commonjs-dynamic-modules-TDtrdbi3.js              0.24 kB │ gzip:     0.19 kB
dist/assets/_baseSet-ZX_xTMCv.js                               0.39 kB │ gzip:     0.29 kB
dist/assets/file-open-7c801643-684qeFg4.js                     0.45 kB │ gzip:     0.31 kB
dist/assets/subset-worker.chunk-B52zfNaC.js                    0.46 kB │ gzip:     0.33 kB
dist/assets/pa-C54UG8eN-EW_8hrTF.js                            0.53 kB │ gzip:     0.23 kB
dist/assets/file-open-002ab408-DIuFHtCF.js                     0.54 kB │ gzip:     0.33 kB
dist/assets/or-50rxpoq4-B_XNinj_.js                            0.57 kB │ gzip:     0.24 kB
dist/assets/toNumber-t7tR55Ez.js                               0.57 kB │ gzip:     0.37 kB
dist/assets/gu-Bjl0l-cf-Bb_OSiMJ.js                            0.58 kB │ gzip:     0.24 kB
dist/assets/directory-open-01563666-DWU9wJ6I.js                0.59 kB │ gzip:     0.36 kB
dist/assets/hi-DsAaTPCC-lc1bUHMk.js                            0.61 kB │ gzip:     0.25 kB
dist/assets/mr-CjWJPVmH-BKMRnoAc.js                            0.61 kB │ gzip:     0.25 kB
dist/assets/as-BPtSu6VN-CYxxmKqh.js                            0.63 kB │ gzip:     0.26 kB
dist/assets/bn-NCLZcWHi-CsgykzQM.js                            0.63 kB │ gzip:     0.26 kB
dist/assets/te-B5Spl2Jk-DYnT8Dmf.js                            0.63 kB │ gzip:     0.25 kB
dist/assets/kn-C6Lov-DP-D7dHjlY1.js                            0.63 kB │ gzip:     0.25 kB
dist/assets/file-save-3189631c-C1wFhQhH.js                     0.71 kB │ gzip:     0.47 kB
dist/assets/ta-BcghgTbD-D3SGVeDl.js                            0.71 kB │ gzip:     0.25 kB
dist/assets/ml-2xLVYkVY-CBhOFsDv.js                            0.81 kB │ gzip:     0.30 kB
dist/assets/pi-B9cgjyG1-v-IB86gp.js                            0.86 kB │ gzip:     0.35 kB
dist/assets/file-save-745eba88-Bb9F9Kg7.js                     0.87 kB │ gzip:     0.50 kB
dist/assets/line-BR0AnpqH.js                                   0.95 kB │ gzip:     0.47 kB
dist/assets/flowDiagram-v2-96b9c2cf-BFR7K5g3.js                0.96 kB │ gzip:     0.53 kB
dist/assets/ordinal-Cboi1Yqb.js                                1.19 kB │ gzip:     0.57 kB
dist/assets/zh-latn-pinyin-BdYb-Ey_-BpSBSv6m.js                1.28 kB │ gzip:     0.22 kB
dist/assets/svgDrawCommon-08f97a94-n5GNRHNL.js                 1.39 kB │ gzip:     0.61 kB
dist/assets/get-HhzdjyeJ.js                                    1.42 kB │ gzip:     0.77 kB
dist/assets/eu-Ctv_kq9Z-DMhU9kwg.js                            1.52 kB │ gzip:     0.21 kB
dist/assets/directory-open-4ed118d0-CunoC1EB.js                1.55 kB │ gzip:     0.79 kB
dist/assets/mount-paper-PijJBNcm.js                            2.12 kB │ gzip:     1.12 kB
dist/assets/path-CbwjOpE9.js                                   2.28 kB │ gzip:     0.98 kB
dist/assets/pt-Cum2_NUC-D8aZaPM_.js                            2.29 kB │ gzip:     0.31 kB
dist/assets/id-DifDyWg9-1QUBE4o0.js                            2.52 kB │ gzip:     0.63 kB
dist/assets/oc-P_i3-xLA-Cg0Gj-PC.js                            2.56 kB │ gzip:     0.67 kB
dist/assets/kmr-Cfwhwuff-DNWs8Gbk.js                           2.73 kB │ gzip:     0.80 kB
dist/assets/roundRect-0PYZxl1G.js                              3.05 kB │ gzip:     1.08 kB
dist/assets/fi-RW5VB8Yp-C_52fTOR.js                            3.19 kB │ gzip:     0.78 kB
dist/assets/la-DuvHjUWw-BcBNkSEh.js                            3.19 kB │ gzip:     0.63 kB
dist/assets/pms-BRGfm5gS-DtZRgBhp.js                           3.38 kB │ gzip:     0.91 kB
dist/assets/arc-DlXGjm8e.js                                    3.45 kB │ gzip:     1.46 kB
dist/assets/it-Bt_Meacx-BwawXXgW.js                            3.63 kB │ gzip:     0.87 kB
dist/assets/rm-C0MIK9N4-DeBfDBrx.js                            3.67 kB │ gzip:     0.94 kB
dist/assets/mul-ethi-D_CMSMEq-2TGBnG-Z.js                      3.69 kB │ gzip:     0.92 kB
dist/assets/fur-AC12wySk-Ulg0Fy5V.js                           3.90 kB │ gzip:     1.01 kB
dist/assets/tr-CIHIuzqc-ZkOY1dVp.js                            3.97 kB │ gzip:     0.34 kB
dist/assets/mn-cyrl-x-lmc-3aetruI8-mEBV16An.js                 4.83 kB │ gzip:     1.20 kB
dist/assets/el-monoton-D3aKqTz2-DpMW17GV.js                    4.87 kB │ gzip:     0.88 kB
dist/assets/stateDiagram-v2-d93cdb3a-DAj3Y2Cb.js               5.08 kB │ gzip:     2.41 kB
dist/assets/classDiagram-v2-f2320105-DypuL91H.js               5.22 kB │ gzip:     2.34 kB
dist/assets/ia-Cr4TJH0c-BcFKNbxH.js                            6.49 kB │ gzip:     1.82 kB
dist/assets/cop-C3sk0IUo-Cj8cOj0I.js                           6.89 kB │ gzip:     0.70 kB
dist/assets/ro-0fmdH0HA-1lLksn9e.js                            7.27 kB │ gzip:     2.14 kB
dist/assets/ca-SUf6Y2Om-Dp4lcbPL.js                            7.86 kB │ gzip:     1.13 kB
dist/assets/si-LK-N5RQ5JYF-CSGi-bWK.js                         8.65 kB │ gzip:     3.38 kB
dist/assets/az-AZ-76LH7QW2-C3BBCUq3.js                         8.68 kB │ gzip:     3.59 kB
dist/assets/infoDiagram-f8f76790-CVMspKRl.js                   8.73 kB │ gzip:     3.28 kB
dist/assets/la-x-classic-yTyAOQEt-DuDJBVty.js                  8.93 kB │ gzip:     2.31 kB
dist/assets/zh-HK-E62DVLB3-CBAQhFs3.js                         9.15 kB │ gzip:     4.06 kB
dist/assets/classDiagram-70f12bd4-CUallxAE.js                  9.46 kB │ gzip:     2.99 kB
dist/assets/sa-CKY9c_Vq-DzgpFnfw.js                            9.71 kB │ gzip:     1.65 kB
dist/assets/styles-c10674c1-b23brHR9.js                       10.09 kB │ gzip:     3.71 kB
dist/assets/kk-KZ-P5N5QNE5-BMKOfBK3.js                        10.20 kB │ gzip:     4.20 kB
dist/assets/kaa-6HZHGXH3-kdDhlzFN.js                          10.24 kB │ gzip:     4.20 kB
dist/assets/linear-tBDoF2lw.js                                10.31 kB │ gzip:     4.28 kB
dist/assets/stateDiagram-587899a1-DscMfDhN.js                 10.35 kB │ gzip:     3.62 kB
dist/assets/hr-DT1SBBes-CkK3TemH.js                           11.36 kB │ gzip:     0.96 kB
dist/assets/merge-CdO4CrrV.js                                 11.75 kB │ gzip:     4.40 kB
dist/assets/hy-e995ysyO-Cf-NYmW5.js                           11.93 kB │ gzip:     0.30 kB
dist/assets/index-3862675e-DKL1goJ4.js                        11.99 kB │ gzip:     4.14 kB
dist/assets/mn-cyrl-lHM4n0oC-QhYuXAWB.js                      12.15 kB │ gzip:     2.14 kB
dist/assets/lt-LT-XHIRWOB4-DAQgcyQf.js                        12.58 kB │ gzip:     5.38 kB
dist/assets/sl-DpiklF-D-_46w5B9b.js                           12.60 kB │ gzip:     3.43 kB
dist/assets/da-CCDXfXtG-C3O8h2wc.js                           12.72 kB │ gzip:     3.47 kB
dist/assets/vi-VN-M7AON7JQ-D-_aEqS9.js                        13.93 kB │ gzip:     5.77 kB
dist/assets/hsb-DC_ITc1e-C4pa9vvS.js                          14.01 kB │ gzip:     1.93 kB
dist/assets/da-DK-5WZEPLOC-CH_rOHqL.js                        14.48 kB │ gzip:     6.08 kB
dist/assets/lt-BBe8DlDF-CObMPDIF.js                           14.77 kB │ gzip:     3.60 kB
dist/assets/pieDiagram-8a3498a8-B5hbZv4s.js                   15.14 kB │ gzip:     5.66 kB
dist/assets/th-TH-HPSO5L25-Cb-dyDoc.js                        15.59 kB │ gzip:     5.21 kB
dist/assets/nn-NO-6E72VCQL-BHxvqxyt.js                        16.03 kB │ gzip:     6.75 kB
dist/assets/graph-C-LZJcUW.js                                 16.18 kB │ gzip:     5.73 kB
dist/assets/nl-NL-IS3SIHDZ-Bq7lcRRi.js                        16.80 kB │ gzip:     6.96 kB
dist/assets/tk-BMbKB10q-cqtw6prh.js                           16.96 kB │ gzip:     0.99 kB
dist/assets/el-polyton-ogVWcTzh-BOWLBXgh.js                   17.63 kB │ gzip:     2.87 kB
dist/assets/my-MM-5M5IBNSE-sYkrl6N3.js                        17.65 kB │ gzip:     5.36 kB
dist/assets/hu-HU-A5ZG7DT2-DsLQl4Bq.js                        18.16 kB │ gzip:     7.59 kB
dist/assets/fi-FI-Z5N7JZ37-aIt6A_Rj.js                        18.48 kB │ gzip:     7.56 kB
dist/assets/kab-KAB-ZGHBKWFO-DAbwVxXV.js                      18.86 kB │ gzip:     7.55 kB
dist/assets/zh-TW-RAJ6MFWO-DUDBqIDR.js                        19.06 kB │ gzip:     8.65 kB
dist/assets/zh-CN-LNUGB5OW-DIyVoiTw.js                        19.13 kB │ gzip:     8.67 kB
dist/assets/lv-LV-5QDEKY6T-DLpxHPTJ.js                        19.21 kB │ gzip:     7.79 kB
dist/assets/gl-ES-HMX3MZ6V-D2tnh1KN.js                        19.46 kB │ gzip:     7.77 kB
dist/assets/tr-TR-DEFEU3FU-J543a_MV.js                        19.58 kB │ gzip:     7.97 kB
dist/assets/cs-CZ-2BRQDIVT-Csn-jdo1.js                        19.60 kB │ gzip:     8.38 kB
dist/assets/pt-PT-UZXXM6DQ-DmBDp5EI.js                        19.72 kB │ gzip:     7.82 kB
dist/assets/id-ID-SAP4L64H-erAacarI.js                        19.75 kB │ gzip:     7.72 kB
dist/assets/ca-ES-6MX7JW3Y-jkBlFv0x.js                        19.86 kB │ gzip:     7.96 kB
dist/assets/oc-FR-POXYY2M6-B5-Wz8eh.js                        19.91 kB │ gzip:     7.84 kB
dist/assets/nb-NO-T6EIAALU-C6wLDqGw.js                        20.18 kB │ gzip:     8.23 kB
dist/assets/he-IL-6SHJWFNN-CVd_X6Xi.js                        20.40 kB │ gzip:     7.57 kB
dist/assets/bg-BG-XCXSNQG7-BFmbP5SP.js                        20.84 kB │ gzip:     7.37 kB
dist/assets/pt-BR-5N22H2LF-DWQGdCbf.js                        21.11 kB │ gzip:     8.24 kB
dist/assets/eu-ES-A7QVB2H4-B5wjNAQ-.js                        21.27 kB │ gzip:     8.27 kB
dist/assets/sankeyDiagram-04a897e0-SacbDEDg.js                21.35 kB │ gzip:     7.75 kB
dist/assets/es-ES-U4NZUMDT-DsJf6Sc1.js                        21.43 kB │ gzip:     8.51 kB
dist/assets/sl-SI-NN7IZMDC-nEL0A09T.js                        21.44 kB │ gzip:     8.59 kB
dist/assets/sv-SE-XGPEYMSR-Bg2cjKka.js                        21.59 kB │ gzip:     8.57 kB
dist/assets/journeyDiagram-49397b02-B_3Xqv9R.js               21.79 kB │ gzip:     7.65 kB
dist/assets/flowDiagram-66a62f08-BirF1qOH.js                  21.86 kB │ gzip:     7.23 kB
dist/assets/it-IT-JPQ66NNP-3vcCQr9L.js                        22.13 kB │ gzip:     8.64 kB
dist/assets/sk-SK-C5VTKIMK-DUIfMbv-.js                        22.39 kB │ gzip:     9.09 kB
dist/assets/pl-PL-T2D74RX3-CyJ8H2RT.js                        22.55 kB │ gzip:     9.22 kB
dist/assets/timeline-definition-85554ec2-HcPxxdph.js          22.75 kB │ gzip:     7.93 kB
dist/assets/la-x-liturgic-CXeQb4FY-DNU_Uk5t.js                22.82 kB │ gzip:     5.72 kB
dist/assets/ro-RO-JPDTUUEW-CJW0jvvt.js                        23.22 kB │ gzip:     8.95 kB
dist/assets/de-DE-XR44H4JA-x3vijxIX.js                        23.41 kB │ gzip:     9.00 kB
dist/assets/ja-JP-DBVTYXUO-DO2QtHNc.js                        23.48 kB │ gzip:     8.72 kB
dist/assets/fr-FR-RHASNOE6-BKK1AGm5.js                        23.51 kB │ gzip:     8.92 kB
dist/assets/bn-BD-2XOGV67Q-DU-ITJiA.js                        23.67 kB │ gzip:     6.73 kB
dist/assets/ko-KR-MTYHY66A-DYBswHuu.js                        23.96 kB │ gzip:     9.06 kB
dist/assets/fr-BC2onEz9-BGmqATrI.js                           24.14 kB │ gzip:     4.31 kB
dist/assets/fa-IR-HGAKTJCU-DyYbrDpC.js                        24.32 kB │ gzip:     8.44 kB
dist/assets/requirementDiagram-deff3bca-C23O-QSg.js           24.85 kB │ gzip:     8.49 kB
dist/assets/ar-SA-G6X2FPQ2-Cq7U_3NE.js                        25.74 kB │ gzip:     9.13 kB
dist/assets/ka-jyoLzyDE-CZftRBZr.js                           26.19 kB │ gzip:     4.56 kB
dist/assets/styles-6aaf32cf-48_GDLsY.js                       26.44 kB │ gzip:     8.36 kB
dist/assets/be-CrQ0smca-B2EeXxUh.js                           27.83 kB │ gzip:     2.26 kB
dist/assets/pa-IN-N4M65BXN-CENzf7qZ.js                        28.05 kB │ gzip:     8.06 kB
dist/assets/layout-BOZINX0D.js                                28.16 kB │ gzip:    10.18 kB
dist/assets/ku-TR-6OUDTVRD-CvvlIC2K.js                        29.40 kB │ gzip:     9.29 kB
dist/assets/quadrantDiagram-120e2f19-XtzILTcR.js              29.55 kB │ gzip:     8.32 kB
dist/assets/el-GR-BZB4AONW-DTi8uBie.js                        29.74 kB │ gzip:     9.59 kB
dist/assets/sh-latn-sRy4Tuaj-DcyoDtEt.js                      29.78 kB │ gzip:     5.31 kB
dist/assets/ru-RU-B4JR7IUQ-I-gJ8Ihx.js                        30.82 kB │ gzip:     9.88 kB
dist/assets/erDiagram-9861fffd-DcY6ej9c.js                    31.03 kB │ gzip:    10.01 kB
dist/assets/sr-cyrl-Dpzrbd0W-DKfS_grW.js                      31.60 kB │ gzip:     5.60 kB
dist/assets/sk-_iOeDNrQ-BXQc18Za.js                           31.69 kB │ gzip:     6.83 kB
dist/assets/uk-UA-QMV73CPH-BU1AOp7C.js                        31.72 kB │ gzip:    10.13 kB
dist/assets/hi-IN-IWLTKZ5I-D4txmOyJ.js                        32.43 kB │ gzip:     9.25 kB
dist/assets/pica-DeO4zahN.js                                  32.47 kB │ gzip:    12.80 kB
dist/assets/sh-cyrl-BpCRFOmq-Cv4-R-p6.js                      32.50 kB │ gzip:     5.46 kB
dist/assets/gl-DZGc-K_G-DLl5jmsP.js                           33.64 kB │ gzip:     4.31 kB
dist/assets/edges-e0da2a9e-BZk2GJ6K.js                        34.37 kB │ gzip:     8.89 kB
dist/assets/ta-IN-2NMHFXQM-CGCgvBAl.js                        35.34 kB │ gzip:     8.69 kB
dist/assets/km-KH-HSX4SM5Z-D3LJP9LY.js                        36.72 kB │ gzip:     9.38 kB
dist/assets/xychartDiagram-e933f94c-Cy1t3UCN.js               37.40 kB │ gzip:    10.40 kB
dist/assets/styles-9a916d00-C9vF56Zg.js                       37.86 kB │ gzip:    12.42 kB
dist/assets/blockDiagram-38ab4fdb-GrTd7Im0.js                 37.88 kB │ gzip:    11.92 kB
dist/assets/gitGraphDiagram-72cf32ee-BpFSqM2L.js              38.87 kB │ gzip:    11.53 kB
dist/assets/Combination-AoepT1yP.js                           39.24 kB │ gzip:    14.58 kB
dist/assets/cs-CmAteokq-TjIVgNl6.js                           39.76 kB │ gzip:    10.15 kB
dist/assets/mr-IN-CRQNXWMA-AUq44WBt.js                        42.32 kB │ gzip:    10.89 kB
dist/assets/es-DcaaHPU_-sYKznHcq.js                           44.13 kB │ gzip:     6.32 kB
dist/assets/image-blob-reduce.esm-HwCm7IZ0.js                 45.93 kB │ gzip:    16.66 kB
dist/assets/pl-9fg-ESVt-DpPW5ISU.js                           46.09 kB │ gzip:     7.77 kB
dist/assets/flowDb-956e92f1-BM7HlsF5.js                       46.77 kB │ gzip:    15.08 kB
dist/assets/et-B_spaleu-BaO20FM2.js                           47.21 kB │ gzip:    11.66 kB
dist/assets/is-BT8UVRze-BXloJ18M.js                           48.41 kB │ gzip:    13.03 kB
dist/assets/sv-CFm5y56M-I8ncZ9Nb.js                           56.81 kB │ gzip:    14.78 kB
dist/assets/bg-CrQqGwni-Pt9yPLke.js                           56.93 kB │ gzip:     4.89 kB
dist/assets/createText-2e5e7dd3-COVxTOYy.js                   60.19 kB │ gzip:    17.77 kB
dist/assets/ganttDiagram-c361ad54-BzzTOsK_.js                 60.47 kB │ gzip:    20.32 kB
dist/assets/uk-Dir3oxLs-BVEQM3Jf.js                           63.99 kB │ gzip:     8.69 kB
dist/assets/c4Diagram-3d4e48cf-CAP0yMFU.js                    68.56 kB │ gzip:    19.09 kB
dist/assets/th-DWX5iPSo-BI_G36o8.js                           68.62 kB │ gzip:    13.44 kB
dist/assets/grc-DOlGgO8T-C7K_Bcib.js                          71.61 kB │ gzip:     8.91 kB
dist/assets/cy-BBPa6z2x-BONU7bVJ.js                           80.20 kB │ gzip:    19.64 kB
dist/assets/ga-Cn6LkudM-WsF4_z3Y.js                           82.15 kB │ gzip:    20.54 kB
dist/assets/sequenceDiagram-704730f1-DhRl7z-j.js              84.25 kB │ gzip:    24.08 kB
dist/assets/ru-v4l-ayaq-BZkHNr9F.js                           85.31 kB │ gzip:    17.10 kB
dist/assets/en-gb-B7Al27b_-BFFr9zKP.js                       105.38 kB │ gzip:    26.85 kB
dist/assets/lv-Q2BBHnzp-DRPSUjhQ.js                          112.68 kB │ gzip:    16.40 kB
dist/assets/nl-BHQJ6Gvn-BMWl-SdQ.js                          138.51 kB │ gzip:    37.20 kB
dist/assets/cu-CBUlrW6Y-BrxB2kb-.js                          168.80 kB │ gzip:    26.86 kB
dist/assets/af-DK_CjRn6-C81U6qP1.js                          179.89 kB │ gzip:    40.15 kB
dist/assets/katex-C5jXJg4s.js                                261.33 kB │ gzip:    77.25 kB
dist/assets/de-ch-1901-hVThVHVb-CC5Yf8hX.js                  264.34 kB │ gzip:    72.65 kB
dist/assets/de-1996-BL6awyxG-BSuIomZy.js                     266.94 kB │ gzip:    73.24 kB
dist/assets/de-1901-CWoAOigE-yOXirf_M.js                     270.04 kB │ gzip:    74.07 kB
dist/assets/index-7Gf5FEwl.js                                272.15 kB │ gzip:    76.32 kB
dist/assets/no-B8ItS0F3-BlrHaK3Z.js                          341.90 kB │ gzip:    90.72 kB
dist/assets/nb-DI8u59ch-S2a9vUN_.js                          341.92 kB │ gzip:    90.73 kB
dist/assets/nn-ntZvarUK-cMBifkqM.js                          341.92 kB │ gzip:    90.73 kB
dist/assets/index-D5TlKznm.js                                346.71 kB │ gzip:   106.35 kB
dist/assets/mindmap-definition-fc14e90a-Dw7Hs8CI.js          544.12 kB │ gzip:   169.69 kB
dist/assets/hu-DVk7Y_ka-CCTZJfqn.js                          765.41 kB │ gzip:   179.02 kB
dist/assets/percentages-BXMCSKIN-GR7bACmo.js               1,117.04 kB │ gzip:   362.37 kB
dist/assets/flowchart-elk-definition-4a651766-D6o9NmrA.js  1,451.89 kB │ gzip:   443.34 kB
dist/assets/mount-spreadsheet-I9W1lxr_.js                  1,688.51 kB │ gzip:   543.12 kB
dist/assets/subset-shared.chunk-DTfDa2SP.js                1,823.58 kB │ gzip:   742.49 kB
dist/assets/index-xDXheIlj.js                              4,491.54 kB │ gzip: 1,019.25 kB

(!) Some chunks are larger than 500 kB after minification. Consider:
- Using dynamic import() to code-split the application
- Use build.rollupOptions.output.manualChunks to improve chunking: https://rollupjs.org/configuration-options/#output-manualchunks
- Adjust chunk size limit for this warning via build.chunkSizeWarningLimit.
✓ built in 9.23s
